Archive member included to satisfy reference by file (symbol)

c:/users/egydi/appdata/roaming/xpacks/@xpack-dev-tools/arm-none-eabi-gcc/9.2.1-1.1.1/.content/bin/../lib/gcc/arm-none-eabi/9.2.1/../../../../arm-none-eabi/lib/thumb/v7e-m/nofp\libg_nano.a(lib_a-ctype_.o)
                              ./system/src/newlib/_syscalls.o (_ctype_)
c:/users/egydi/appdata/roaming/xpacks/@xpack-dev-tools/arm-none-eabi-gcc/9.2.1-1.1.1/.content/bin/../lib/gcc/arm-none-eabi/9.2.1/../../../../arm-none-eabi/lib/thumb/v7e-m/nofp\libg_nano.a(lib_a-errno.o)
                              ./system/src/newlib/_sbrk.o (__errno)
c:/users/egydi/appdata/roaming/xpacks/@xpack-dev-tools/arm-none-eabi-gcc/9.2.1-1.1.1/.content/bin/../lib/gcc/arm-none-eabi/9.2.1/../../../../arm-none-eabi/lib/thumb/v7e-m/nofp\libg_nano.a(lib_a-findfp.o)
                              ./system/src/newlib/_syscalls.o (__sinit)
c:/users/egydi/appdata/roaming/xpacks/@xpack-dev-tools/arm-none-eabi-gcc/9.2.1-1.1.1/.content/bin/../lib/gcc/arm-none-eabi/9.2.1/../../../../arm-none-eabi/lib/thumb/v7e-m/nofp\libg_nano.a(lib_a-fwalk.o)
                              c:/users/egydi/appdata/roaming/xpacks/@xpack-dev-tools/arm-none-eabi-gcc/9.2.1-1.1.1/.content/bin/../lib/gcc/arm-none-eabi/9.2.1/../../../../arm-none-eabi/lib/thumb/v7e-m/nofp\libg_nano.a(lib_a-findfp.o) (_fwalk)
c:/users/egydi/appdata/roaming/xpacks/@xpack-dev-tools/arm-none-eabi-gcc/9.2.1-1.1.1/.content/bin/../lib/gcc/arm-none-eabi/9.2.1/../../../../arm-none-eabi/lib/thumb/v7e-m/nofp\libg_nano.a(lib_a-impure.o)
                              c:/users/egydi/appdata/roaming/xpacks/@xpack-dev-tools/arm-none-eabi-gcc/9.2.1-1.1.1/.content/bin/../lib/gcc/arm-none-eabi/9.2.1/../../../../arm-none-eabi/lib/thumb/v7e-m/nofp\libg_nano.a(lib_a-findfp.o) (_global_impure_ptr)
c:/users/egydi/appdata/roaming/xpacks/@xpack-dev-tools/arm-none-eabi-gcc/9.2.1-1.1.1/.content/bin/../lib/gcc/arm-none-eabi/9.2.1/../../../../arm-none-eabi/lib/thumb/v7e-m/nofp\libg_nano.a(lib_a-lock.o)
                              c:/users/egydi/appdata/roaming/xpacks/@xpack-dev-tools/arm-none-eabi-gcc/9.2.1-1.1.1/.content/bin/../lib/gcc/arm-none-eabi/9.2.1/../../../../arm-none-eabi/lib/thumb/v7e-m/nofp\libg_nano.a(lib_a-findfp.o) (__retarget_lock_init_recursive)
c:/users/egydi/appdata/roaming/xpacks/@xpack-dev-tools/arm-none-eabi-gcc/9.2.1-1.1.1/.content/bin/../lib/gcc/arm-none-eabi/9.2.1/../../../../arm-none-eabi/lib/thumb/v7e-m/nofp\libg_nano.a(lib_a-memset.o)
                              ./system/src/newlib/_syscalls.o (memset)
c:/users/egydi/appdata/roaming/xpacks/@xpack-dev-tools/arm-none-eabi-gcc/9.2.1-1.1.1/.content/bin/../lib/gcc/arm-none-eabi/9.2.1/../../../../arm-none-eabi/lib/thumb/v7e-m/nofp\libg_nano.a(lib_a-nano-mallocr.o)
                              c:/users/egydi/appdata/roaming/xpacks/@xpack-dev-tools/arm-none-eabi-gcc/9.2.1-1.1.1/.content/bin/../lib/gcc/arm-none-eabi/9.2.1/../../../../arm-none-eabi/lib/thumb/v7e-m/nofp\libg_nano.a(lib_a-findfp.o) (_malloc_r)
c:/users/egydi/appdata/roaming/xpacks/@xpack-dev-tools/arm-none-eabi-gcc/9.2.1-1.1.1/.content/bin/../lib/gcc/arm-none-eabi/9.2.1/../../../../arm-none-eabi/lib/thumb/v7e-m/nofp\libg_nano.a(lib_a-sbrkr.o)
                              c:/users/egydi/appdata/roaming/xpacks/@xpack-dev-tools/arm-none-eabi-gcc/9.2.1-1.1.1/.content/bin/../lib/gcc/arm-none-eabi/9.2.1/../../../../arm-none-eabi/lib/thumb/v7e-m/nofp\libg_nano.a(lib_a-nano-mallocr.o) (_sbrk_r)
c:/users/egydi/appdata/roaming/xpacks/@xpack-dev-tools/arm-none-eabi-gcc/9.2.1-1.1.1/.content/bin/../lib/gcc/arm-none-eabi/9.2.1/../../../../arm-none-eabi/lib/thumb/v7e-m/nofp\libg_nano.a(lib_a-stdio.o)
                              c:/users/egydi/appdata/roaming/xpacks/@xpack-dev-tools/arm-none-eabi-gcc/9.2.1-1.1.1/.content/bin/../lib/gcc/arm-none-eabi/9.2.1/../../../../arm-none-eabi/lib/thumb/v7e-m/nofp\libg_nano.a(lib_a-findfp.o) (__sread)
c:/users/egydi/appdata/roaming/xpacks/@xpack-dev-tools/arm-none-eabi-gcc/9.2.1-1.1.1/.content/bin/../lib/gcc/arm-none-eabi/9.2.1/../../../../arm-none-eabi/lib/thumb/v7e-m/nofp\libg_nano.a(lib_a-strcmp.o)
                              ./system/src/cortexm/exception_handlers.o (strcmp)
c:/users/egydi/appdata/roaming/xpacks/@xpack-dev-tools/arm-none-eabi-gcc/9.2.1-1.1.1/.content/bin/../lib/gcc/arm-none-eabi/9.2.1/../../../../arm-none-eabi/lib/thumb/v7e-m/nofp\libg_nano.a(lib_a-strlen.o)
                              ./system/src/newlib/_syscalls.o (strlen)
c:/users/egydi/appdata/roaming/xpacks/@xpack-dev-tools/arm-none-eabi-gcc/9.2.1-1.1.1/.content/bin/../lib/gcc/arm-none-eabi/9.2.1/../../../../arm-none-eabi/lib/thumb/v7e-m/nofp\libg_nano.a(lib_a-strncpy.o)
                              ./system/src/newlib/_syscalls.o (strncpy)
c:/users/egydi/appdata/roaming/xpacks/@xpack-dev-tools/arm-none-eabi-gcc/9.2.1-1.1.1/.content/bin/../lib/gcc/arm-none-eabi/9.2.1/../../../../arm-none-eabi/lib/thumb/v7e-m/nofp\libg_nano.a(lib_a-vsnprintf.o)
[...]
Memory Configuration

Name             Origin             Length             Attributes
RAM              0x0000000020000000 0x0000000000020000 xrw
CCMRAM           0x0000000010000000 0x0000000000010000 xrw
FLASH            0x0000000008000000 0x0000000000100000 xr
FLASHB1          0x0000000000000000 0x0000000000000000 xr
EXTMEMB0         0x0000000000000000 0x0000000000000000 xr
EXTMEMB1         0x0000000000000000 0x0000000000000000 xr
EXTMEMB2         0x0000000000000000 0x0000000000000000 xr
EXTMEMB3         0x0000000000000000 0x0000000000000000 xr
MEMORY_ARRAY     0x0000000020002000 0x0000000000000020 xrw
*default*        0x0000000000000000 0xffffffffffffffff

Linker script and memory map

LOAD ./system/src/stm32f4-hal/stm32f4xx_hal.o
LOAD ./system/src/stm32f4-hal/stm32f4xx_hal_cortex.o
LOAD ./system/src/stm32f4-hal/stm32f4xx_hal_dfsdm.o
LOAD ./system/src/stm32f4-hal/stm32f4xx_hal_flash.o
LOAD ./system/src/stm32f4-hal/stm32f4xx_hal_gpio.o
LOAD ./system/src/stm32f4-hal/stm32f4xx_hal_iwdg.o
LOAD ./system/src/stm32f4-hal/stm32f4xx_hal_pwr.o
LOAD ./system/src/stm32f4-hal/stm32f4xx_hal_rcc.o
LOAD ./system/src/newlib/_cxx.o
LOAD ./system/src/newlib/_exit.o
LOAD ./system/src/newlib/_sbrk.o
LOAD ./system/src/newlib/_startup.o
LOAD ./system/src/newlib/_syscalls.o
LOAD ./system/src/newlib/assert.o
LOAD ./system/src/diag/Trace.o
LOAD ./system/src/diag/trace_impl.o
LOAD ./system/src/cortexm/_initialize_hardware.o
LOAD ./system/src/cortexm/_reset_hardware.o
LOAD ./system/src/cortexm/exception_handlers.o
LOAD ./system/src/cmsis/system_stm32f4xx.o
LOAD ./system/src/cmsis/vectors_stm32f407xx.o
LOAD ./src/_initialize_hardware.o
LOAD ./src/_write.o
LOAD ./src/main.o
LOAD ./RTOS/kernel.o
LOAD ./RTOS/stm32f4xx_hal_msp.o
LOAD c:/users/egydi/appdata/roaming/xpacks/@xpack-dev-tools/arm-none-eabi-gcc/9.2.1-1.1.1/.content/bin/../lib/gcc/arm-none-eabi/9.2.1/../../../../arm-none-eabi/lib/thumb/v7e-m/nofp\libstdc++_nano.a
LOAD c:/users/egydi/appdata/roaming/xpacks/@xpack-dev-tools/arm-none-eabi-gcc/9.2.1-1.1.1/.content/bin/../lib/gcc/arm-none-eabi/9.2.1/../../../../arm-none-eabi/lib/thumb/v7e-m/nofp\libm.a
START GROUP
LOAD c:/users/egydi/appdata/roaming/xpacks/@xpack-dev-tools/arm-none-eabi-gcc/9.2.1-1.1.1/.content/bin/../lib/gcc/arm-none-eabi/9.2.1/thumb/v7e-m/nofp\libgcc.a
LOAD c:/users/egydi/appdata/roaming/xpacks/@xpack-dev-tools/arm-none-eabi-gcc/9.2.1-1.1.1/.content/bin/../lib/gcc/arm-none-eabi/9.2.1/../../../../arm-none-eabi/lib/thumb/v7e-m/nofp\libg_nano.a
LOAD c:/users/egydi/appdata/roaming/xpacks/@xpack-dev-tools/arm-none-eabi-gcc/9.2.1-1.1.1/.content/bin/../lib/gcc/arm-none-eabi/9.2.1/../../../../arm-none-eabi/lib/thumb/v7e-m/nofp\libc_nano.a
END GROUP
START GROUP
LOAD c:/users/egydi/appdata/roaming/xpacks/@xpack-dev-tools/arm-none-eabi-gcc/9.2.1-1.1.1/.content/bin/../lib/gcc/arm-none-eabi/9.2.1/thumb/v7e-m/nofp\libgcc.a
LOAD c:/users/egydi/appdata/roaming/xpacks/@xpack-dev-tools/arm-none-eabi-gcc/9.2.1-1.1.1/.content/bin/../lib/gcc/arm-none-eabi/9.2.1/../../../../arm-none-eabi/lib/thumb/v7e-m/nofp\libc_nano.a
END GROUP
                0x0000000020020000                __stack = (ORIGIN (RAM) + LENGTH (RAM))
                0x0000000020020000                _estack = __stack
                0x0000000000000400                __Main_Stack_Size = 0x400
                [!provide]                        PROVIDE (_Main_Stack_Size = __Main_Stack_Size)
                0x000000002001fc00                __Main_Stack_Limit = (__stack - __Main_Stack_Size)
                [!provide]                        PROVIDE (_Main_Stack_Limit = __Main_Stack_Limit)
                0x0000000000000100                _Minimum_Stack_Size = 0x100
                0x0000000020000730                PROVIDE (_Heap_Begin = _end_noinit)
                0x000000002001fc00                PROVIDE (_Heap_Limit = (__stack - __Main_Stack_Size))

.isr_vector     0x0000000008000000      0x3e8
 FILL mask 0xff
                0x0000000008000000                __vectors_start = ABSOLUTE (.)
                0x0000000008000000                __vectors_start__ = ABSOLUTE (.)
 *(.isr_vector)
 .isr_vector    0x0000000008000000      0x188 ./system/src/cmsis/vectors_stm32f407xx.o
                0x0000000008000000                __isr_vectors
 *(.cfmconfig)
 *(.after_vectors .after_vectors.*)
 .after_vectors
                0x0000000008000188      0x130 ./system/src/newlib/_startup.o
                0x0000000008000188                _start
 .after_vectors
                0x00000000080002b8      0x12c ./system/src/cortexm/exception_handlers.o
                0x00000000080002b8                Reset_Handler
                0x00000000080002be                NMI_Handler
                0x00000000080002c2                HardFault_Handler
                0x00000000080002d6                HardFault_Handler_C
                0x0000000008000334                MemManage_Handler
                0x0000000008000338                BusFault_Handler
                0x000000000800034c                BusFault_Handler_C
                0x0000000008000380                UsageFault_Handler
                0x0000000008000394                UsageFault_Handler_C
                0x00000000080003c8                SVC_Handler
                0x00000000080003cc                DebugMon_Handler
                0x00000000080003d0                PendSV_Handler
 .after_vectors
                0x00000000080003e4        0x4 ./system/src/cmsis/vectors_stm32f407xx.o
                0x00000000080003e4                RTC_Alarm_IRQHandler
                0x00000000080003e4                HASH_RNG_IRQHandler
                0x00000000080003e4                EXTI2_IRQHandler
                0x00000000080003e4                TIM8_CC_IRQHandler
                0x00000000080003e4                TIM1_CC_IRQHandler
                0x00000000080003e4                DMA2_Stream5_IRQHandler
                0x00000000080003e4                DMA1_Stream5_IRQHandler
                0x00000000080003e4                PVD_IRQHandler
                0x00000000080003e4                SDIO_IRQHandler
                0x00000000080003e4                TAMP_STAMP_IRQHandler
                0x00000000080003e4                CAN2_RX1_IRQHandler
                0x00000000080003e4                EXTI3_IRQHandler
                0x00000000080003e4                TIM8_TRG_COM_TIM14_IRQHandler
                0x00000000080003e4                TIM1_UP_TIM10_IRQHandler
                0x00000000080003e4                TIM8_UP_TIM13_IRQHandler
                0x00000000080003e4                I2C3_ER_IRQHandler
                0x00000000080003e4                EXTI0_IRQHandler
                0x00000000080003e4                I2C2_EV_IRQHandler
                0x00000000080003e4                DMA1_Stream2_IRQHandler
                0x00000000080003e4                CAN1_RX0_IRQHandler
                0x00000000080003e4                FPU_IRQHandler
                0x00000000080003e4                OTG_HS_WKUP_IRQHandler
                0x00000000080003e4                CAN2_SCE_IRQHandler
                0x00000000080003e4                DMA2_Stream2_IRQHandler
                0x00000000080003e4                SPI1_IRQHandler
                0x00000000080003e4                TIM6_DAC_IRQHandler
                0x00000000080003e4                TIM1_BRK_TIM9_IRQHandler
                0x00000000080003e4                DCMI_IRQHandler
                0x00000000080003e4                CAN2_RX0_IRQHandler
                0x00000000080003e4                DMA2_Stream3_IRQHandler
                0x00000000080003e4                USART6_IRQHandler
                0x00000000080003e4                USART3_IRQHandler
                0x00000000080003e4                CAN1_RX1_IRQHandler
                0x00000000080003e4                UART5_IRQHandler
                0x00000000080003e4                DMA2_Stream0_IRQHandler
                0x00000000080003e4                TIM4_IRQHandler
                0x00000000080003e4                I2C1_EV_IRQHandler
                0x00000000080003e4                DMA1_Stream6_IRQHandler
                0x00000000080003e4                DMA1_Stream1_IRQHandler
                0x00000000080003e4                UART4_IRQHandler
                0x00000000080003e4                TIM3_IRQHandler
                0x00000000080003e4                RCC_IRQHandler
                0x00000000080003e4                TIM8_BRK_TIM12_IRQHandler
                0x00000000080003e4                Default_Handler
                0x00000000080003e4                EXTI15_10_IRQHandler
                0x00000000080003e4                ADC_IRQHandler
                0x00000000080003e4                DMA1_Stream7_IRQHandler
                0x00000000080003e4                TIM7_IRQHandler
                0x00000000080003e4                CAN2_TX_IRQHandler
                0x00000000080003e4                TIM5_IRQHandler
                0x00000000080003e4                DMA2_Stream7_IRQHandler
                0x00000000080003e4                I2C3_EV_IRQHandler
                0x00000000080003e4                EXTI9_5_IRQHandler
                0x00000000080003e4                RTC_WKUP_IRQHandler
                0x00000000080003e4                ETH_WKUP_IRQHandler
                0x00000000080003e4                SPI2_IRQHandler
                0x00000000080003e4                OTG_HS_EP1_IN_IRQHandler
                0x00000000080003e4                DMA1_Stream0_IRQHandler
                0x00000000080003e4                CAN1_TX_IRQHandler
                0x00000000080003e4                EXTI4_IRQHandler
                0x00000000080003e4                ETH_IRQHandler
                0x00000000080003e4                OTG_HS_EP1_OUT_IRQHandler
                0x00000000080003e4                WWDG_IRQHandler
                0x00000000080003e4                TIM2_IRQHandler
                0x00000000080003e4                OTG_FS_WKUP_IRQHandler
                0x00000000080003e4                TIM1_TRG_COM_TIM11_IRQHandler
                0x00000000080003e4                OTG_HS_IRQHandler
                0x00000000080003e4                EXTI1_IRQHandler
                0x00000000080003e4                USART2_IRQHandler
                0x00000000080003e4                I2C2_ER_IRQHandler
                0x00000000080003e4                DMA2_Stream1_IRQHandler
                0x00000000080003e4                CAN1_SCE_IRQHandler
                0x00000000080003e4                FLASH_IRQHandler
                0x00000000080003e4                DMA2_Stream4_IRQHandler
                0x00000000080003e4                USART1_IRQHandler
                0x00000000080003e4                OTG_FS_IRQHandler
                0x00000000080003e4                SPI3_IRQHandler
                0x00000000080003e4                DMA1_Stream4_IRQHandler
                0x00000000080003e4                I2C1_ER_IRQHandler
                0x00000000080003e4                FMC_IRQHandler
                0x00000000080003e4                DMA2_Stream6_IRQHandler
                0x00000000080003e4                DMA1_Stream3_IRQHandler

.inits          0x00000000080003e8       0x28
                0x00000000080003e8                __data_regions_array_start = .
                0x00000000080003e8        0x4 LONG 0x8002224 LOADADDR (.data)
                0x00000000080003ec        0x4 LONG 0x20000000 ADDR (.data)
                0x00000000080003f0        0x4 LONG 0x2000007c (ADDR (.data) + SIZEOF (.data))
                0x00000000080003f4        0x4 LONG 0x8002224 LOADADDR (.data_CCMRAM)
                0x00000000080003f8        0x4 LONG 0x10000000 ADDR (.data_CCMRAM)
                0x00000000080003fc        0x4 LONG 0x10000000 (ADDR (.data_CCMRAM) + SIZEOF (.data_CCMRAM))
                0x0000000008000400                __data_regions_array_end = .
                0x0000000008000400                __bss_regions_array_start = .
                0x0000000008000400        0x4 LONG 0x2000007c ADDR (.bss)
                0x0000000008000404        0x4 LONG 0x20000730 (ADDR (.bss) + SIZEOF (.bss))
                0x0000000008000408        0x4 LONG 0x10000000 ADDR (.bss_CCMRAM)
                0x000000000800040c        0x4 LONG 0x10000000 (ADDR (.bss_CCMRAM) + SIZEOF (.bss_CCMRAM))
                0x0000000008000410                __bss_regions_array_end = .
 *(.init)
 *(.fini)
                0x0000000008000410                . = ALIGN (0x4)
                0x0000000008000410                PROVIDE (__preinit_array_start = .)
 *(.preinit_array_sysinit .preinit_array_sysinit.*)
 *(.preinit_array_platform .preinit_array_platform.*)
 *(.preinit_array .preinit_array.*)
                0x0000000008000410                PROVIDE (__preinit_array_end = .)
                0x0000000008000410                . = ALIGN (0x4)
                0x0000000008000410                PROVIDE (__init_array_start = .)
 *(SORT_BY_NAME(.init_array.*))
 *(.init_array)
                0x0000000008000410                PROVIDE (__init_array_end = .)
                0x0000000008000410                . = ALIGN (0x4)
                0x0000000008000410                PROVIDE (__fini_array_start = .)
 *(SORT_BY_NAME(.fini_array.*))
 *(.fini_array)
                0x0000000008000410                PROVIDE (__fini_array_end = .)

.flashtext
 *(.flashtext .flashtext.*)

.text           0x0000000008000410     0x1e13
 *(.text .text.*)
 .text.HAL_InitTick
                0x0000000008000410       0x2c ./system/src/stm32f4-hal/stm32f4xx_hal.o
                0x0000000008000410                HAL_InitTick
 .text.HAL_Init
                0x000000000800043c       0x34 ./system/src/stm32f4-hal/stm32f4xx_hal.o
                0x000000000800043c                HAL_Init
 .text.HAL_GetTick
                0x0000000008000470        0xc ./system/src/stm32f4-hal/stm32f4xx_hal.o
                0x0000000008000470                HAL_GetTick
 .text.HAL_NVIC_SetPriorityGrouping
                0x000000000800047c       0x3c ./system/src/stm32f4-hal/stm32f4xx_hal_cortex.o
                0x000000000800047c                HAL_NVIC_SetPriorityGrouping
 .text.HAL_NVIC_SetPriority
                0x00000000080004b8       0x8c ./system/src/stm32f4-hal/stm32f4xx_hal_cortex.o
                0x00000000080004b8                HAL_NVIC_SetPriority
 .text.HAL_SYSTICK_Config
                0x0000000008000544       0x2c ./system/src/stm32f4-hal/stm32f4xx_hal_cortex.o
                0x0000000008000544                HAL_SYSTICK_Config
 .text.HAL_SYSTICK_CLKSourceConfig
                0x0000000008000570       0x3c ./system/src/stm32f4-hal/stm32f4xx_hal_cortex.o
                0x0000000008000570                HAL_SYSTICK_CLKSourceConfig
 .text.HAL_RCC_OscConfig
                0x00000000080005ac      0x43c ./system/src/stm32f4-hal/stm32f4xx_hal_rcc.o
                0x00000000080005ac                HAL_RCC_OscConfig
 .text.HAL_RCC_GetSysClockFreq
                0x00000000080009e8       0x94 ./system/src/stm32f4-hal/stm32f4xx_hal_rcc.o
                0x00000000080009e8                HAL_RCC_GetSysClockFreq
 .text.HAL_RCC_ClockConfig
                0x0000000008000a7c      0x258 ./system/src/stm32f4-hal/stm32f4xx_hal_rcc.o
                0x0000000008000a7c                HAL_RCC_ClockConfig
 .text.HAL_RCC_GetHCLKFreq
                0x0000000008000cd4        0xc ./system/src/stm32f4-hal/stm32f4xx_hal_rcc.o
                0x0000000008000cd4                HAL_RCC_GetHCLKFreq
 .text.abort    0x0000000008000ce0       0x14 ./system/src/newlib/_exit.o
                0x0000000008000ce0                abort
 .text._sbrk    0x0000000008000cf4       0x44 ./system/src/newlib/_sbrk.o
                0x0000000008000cf4                _sbrk
 .text._exit    0x0000000008000d38       0x20 ./system/src/newlib/_syscalls.o
                0x0000000008000d38                _exit
 .text.initialise_monitor_handles
                0x0000000008000d58       0xa8 ./system/src/newlib/_syscalls.o
                0x0000000008000d58                initialise_monitor_handles
 .text.__initialize_args
                0x0000000008000e00       0xc0 ./system/src/newlib/_syscalls.o
                0x0000000008000e00                __initialize_args
 .text.assert_failed
                0x0000000008000ec0       0x14 ./system/src/newlib/assert.o
                0x0000000008000ec0                assert_failed
 .text.trace_printf
                0x0000000008000ed4       0x34 ./system/src/diag/Trace.o
                0x0000000008000ed4                trace_printf
 .text.trace_puts
                0x0000000008000f08       0x20 ./system/src/diag/Trace.o
                0x0000000008000f08                trace_puts
 .text._trace_write_semihosting_debug
                0x0000000008000f28       0x60 ./system/src/diag/trace_impl.o
 .text.trace_write
                0x0000000008000f88        0x8 ./system/src/diag/trace_impl.o
                0x0000000008000f88                trace_write
 .text.__initialize_hardware_early
                0x0000000008000f90       0x18 ./system/src/cortexm/_initialize_hardware.o
                0x0000000008000f90                __initialize_hardware_early
 .text.dumpExceptionStack
                0x0000000008000fa8       0xf4 ./system/src/cortexm/exception_handlers.o
                0x0000000008000fa8                dumpExceptionStack
 .text.isSemihosting
                0x000000000800109c      0x100 ./system/src/cortexm/exception_handlers.o
                0x000000000800109c                isSemihosting
 .text.SystemInit
                0x000000000800119c       0x40 ./system/src/cmsis/system_stm32f4xx.o
                0x000000000800119c                SystemInit
 .text.SystemCoreClockUpdate
                0x00000000080011dc       0xa0 ./system/src/cmsis/system_stm32f4xx.o
                0x00000000080011dc                SystemCoreClockUpdate
 .text.SystemClock_Config
                0x000000000800127c       0x9c ./src/_initialize_hardware.o
                0x000000000800127c                SystemClock_Config
 .text.__initialize_hardware
                0x0000000008001318       0x10 ./src/_initialize_hardware.o
                0x0000000008001318                __initialize_hardware
 .text.count1   0x0000000008001328       0x20 ./src/main.o
                0x0000000008001328                count1
 .text.count2   0x0000000008001348       0x20 ./src/main.o
                0x0000000008001348                count2
 .text.count3   0x0000000008001368       0x20 ./src/main.o
                0x0000000008001368                count3
 .text.main     0x0000000008001388       0x38 ./src/main.o
                0x0000000008001388                main
 .text.osKernelInit
                0x00000000080013c0       0x20 ./RTOS/kernel.o
                0x00000000080013c0                osKernelInit
 .text.osKernelStackInit
                0x00000000080013e0       0x30 ./RTOS/kernel.o
                0x00000000080013e0                osKernelStackInit
 .text.osKernelAddTasks
                0x0000000008001410       0x5c ./RTOS/kernel.o
                0x0000000008001410                osKernelAddTasks
 .text.osSchedulerLaunch
                0x000000000800146c       0x24 ./RTOS/kernel.o
                0x000000000800146c                osSchedulerLaunch
 .text.osKernelLaunch
                0x0000000008001490       0x34 ./RTOS/kernel.o
                0x0000000008001490                osKernelLaunch
 .text.SysTick_Handler
                0x00000000080014c4       0x28 ./RTOS/kernel.o
                0x00000000080014c4                SysTick_Handler
 .text.osGroupEventInit
                0x00000000080014ec        0x4 ./RTOS/kernel.o
                0x00000000080014ec                osGroupEventInit
 .text.osGroupEventSync
                0x00000000080014f0       0x28 ./RTOS/kernel.o
                0x00000000080014f0                osGroupEventSync
 .text.HAL_MspInit
                0x0000000008001518        0x2 ./RTOS/stm32f4xx_hal_msp.o
                0x0000000008001518                HAL_MspInit
 *fill*         0x000000000800151a        0x2 
 .text.__errno  0x000000000800151c        0xc c:/users/egydi/appdata/roaming/xpacks/@xpack-dev-tools/arm-none-eabi-gcc/9.2.1-1.1.1/.content/bin/../lib/gcc/arm-none-eabi/9.2.1/../../../../arm-none-eabi/lib/thumb/v7e-m/nofp\libg_nano.a(lib_a-errno.o)
                0x000000000800151c                __errno
 .text.__retarget_lock_acquire_recursive
                0x0000000008001528        0x2 c:/users/egydi/appdata/roaming/xpacks/@xpack-dev-tools/arm-none-eabi-gcc/9.2.1-1.1.1/.content/bin/../lib/gcc/arm-none-eabi/9.2.1/../../../../arm-none-eabi/lib/thumb/v7e-m/nofp\libg_nano.a(lib_a-lock.o)
                0x0000000008001528                __retarget_lock_acquire_recursive
 .text.__retarget_lock_release_recursive
                0x000000000800152a        0x2 c:/users/egydi/appdata/roaming/xpacks/@xpack-dev-tools/arm-none-eabi-gcc/9.2.1-1.1.1/.content/bin/../lib/gcc/arm-none-eabi/9.2.1/../../../../arm-none-eabi/lib/thumb/v7e-m/nofp\libg_nano.a(lib_a-lock.o)
                0x000000000800152a                __retarget_lock_release_recursive
 .text._malloc_r
                0x000000000800152c       0xb4 c:/users/egydi/appdata/roaming/xpacks/@xpack-dev-tools/arm-none-eabi-gcc/9.2.1-1.1.1/.content/bin/../lib/gcc/arm-none-eabi/9.2.1/../../../../arm-none-eabi/lib/thumb/v7e-m/nofp\libg_nano.a(lib_a-nano-mallocr.o)
                0x000000000800152c                _malloc_r
 .text._sbrk_r  0x00000000080015e0       0x20 c:/users/egydi/appdata/roaming/xpacks/@xpack-dev-tools/arm-none-eabi-gcc/9.2.1-1.1.1/.content/bin/../lib/gcc/arm-none-eabi/9.2.1/../../../../arm-none-eabi/lib/thumb/v7e-m/nofp\libg_nano.a(lib_a-sbrkr.o)
                0x00000000080015e0                _sbrk_r
 .text          0x0000000008001600       0x14 c:/users/egydi/appdata/roaming/xpacks/@xpack-dev-tools/arm-none-eabi-gcc/9.2.1-1.1.1/.content/bin/../lib/gcc/arm-none-eabi/9.2.1/../../../../arm-none-eabi/lib/thumb/v7e-m/nofp\libg_nano.a(lib_a-strcmp.o)
                0x0000000008001600                strcmp
 .text          0x0000000008001614       0x10 c:/users/egydi/appdata/roaming/xpacks/@xpack-dev-tools/arm-none-eabi-gcc/9.2.1-1.1.1/.content/bin/../lib/gcc/arm-none-eabi/9.2.1/../../../../arm-none-eabi/lib/thumb/v7e-m/nofp\libg_nano.a(lib_a-strlen.o)
                0x0000000008001614                strlen
 .text._vsnprintf_r
                0x0000000008001624       0x58 c:/users/egydi/appdata/roaming/xpacks/@xpack-dev-tools/arm-none-eabi-gcc/9.2.1-1.1.1/.content/bin/../lib/gcc/arm-none-eabi/9.2.1/../../../../arm-none-eabi/lib/thumb/v7e-m/nofp\libg_nano.a(lib_a-vsnprintf.o)
                0x0000000008001624                _vsniprintf_r
                0x0000000008001624                _vsnprintf_r
 .text.vsnprintf
                0x000000000800167c       0x1c c:/users/egydi/appdata/roaming/xpacks/@xpack-dev-tools/arm-none-eabi-gcc/9.2.1-1.1.1/.content/bin/../lib/gcc/arm-none-eabi/9.2.1/../../../../arm-none-eabi/lib/thumb/v7e-m/nofp\libg_nano.a(lib_a-vsnprintf.o)
                0x000000000800167c                vsniprintf
                0x000000000800167c                vsnprintf
 .text.__malloc_lock
                0x0000000008001698        0xc c:/users/egydi/appdata/roaming/xpacks/@xpack-dev-tools/arm-none-eabi-gcc/9.2.1-1.1.1/.content/bin/../lib/gcc/arm-none-eabi/9.2.1/../../../../arm-none-eabi/lib/thumb/v7e-m/nofp\libg_nano.a(lib_a-mlock.o)
                0x0000000008001698                __malloc_lock
 .text.__malloc_unlock
                0x00000000080016a4        0xc c:/users/egydi/appdata/roaming/xpacks/@xpack-dev-tools/arm-none-eabi-gcc/9.2.1-1.1.1/.content/bin/../lib/gcc/arm-none-eabi/9.2.1/../../../../arm-none-eabi/lib/thumb/v7e-m/nofp\libg_nano.a(lib_a-mlock.o)
                0x00000000080016a4                __malloc_unlock
 .text._free_r  0x00000000080016b0       0x9c c:/users/egydi/appdata/roaming/xpacks/@xpack-dev-tools/arm-none-eabi-gcc/9.2.1-1.1.1/.content/bin/../lib/gcc/arm-none-eabi/9.2.1/../../../../arm-none-eabi/lib/thumb/v7e-m/nofp\libg_nano.a(lib_a-nano-freer.o)
                0x00000000080016b0                _free_r
 .text.__ssputs_r
                0x000000000800174c       0xb6 c:/users/egydi/appdata/roaming/xpacks/@xpack-dev-tools/arm-none-eabi-gcc/9.2.1-1.1.1/.content/bin/../lib/gcc/arm-none-eabi/9.2.1/../../../../arm-none-eabi/lib/thumb/v7e-m/nofp\libg_nano.a(lib_a-nano-svfprintf.o)
                0x000000000800174c                __ssputs_r
 *fill*         0x0000000008001802        0x2 
 .text._svfprintf_r
                0x0000000008001804      0x200 c:/users/egydi/appdata/roaming/xpacks/@xpack-dev-tools/arm-none-eabi-gcc/9.2.1-1.1.1/.content/bin/../lib/gcc/arm-none-eabi/9.2.1/../../../../arm-none-eabi/lib/thumb/v7e-m/nofp\libg_nano.a(lib_a-nano-svfprintf.o)
                0x0000000008001804                _svfiprintf_r
                0x0000000008001804                _svfprintf_r
 .text._printf_common
                0x0000000008001a04       0xda c:/users/egydi/appdata/roaming/xpacks/@xpack-dev-tools/arm-none-eabi-gcc/9.2.1-1.1.1/.content/bin/../lib/gcc/arm-none-eabi/9.2.1/../../../../arm-none-eabi/lib/thumb/v7e-m/nofp\libg_nano.a(lib_a-nano-vfprintf_i.o)
                0x0000000008001a04                _printf_common
 *fill*         0x0000000008001ade        0x2 
 .text._printf_i
                0x0000000008001ae0      0x24c c:/users/egydi/appdata/roaming/xpacks/@xpack-dev-tools/arm-none-eabi-gcc/9.2.1-1.1.1/.content/bin/../lib/gcc/arm-none-eabi/9.2.1/../../../../arm-none-eabi/lib/thumb/v7e-m/nofp\libg_nano.a(lib_a-nano-vfprintf_i.o)
                0x0000000008001ae0                _printf_i
 *fill*         0x0000000008001d2c        0x4 
 .text          0x0000000008001d30       0xa0 c:/users/egydi/appdata/roaming/xpacks/@xpack-dev-tools/arm-none-eabi-gcc/9.2.1-1.1.1/.content/bin/../lib/gcc/arm-none-eabi/9.2.1/../../../../arm-none-eabi/lib/thumb/v7e-m/nofp\libg_nano.a(lib_a-memchr.o)
                0x0000000008001d30                memchr
 .text.memcpy   0x0000000008001dd0       0x1c c:/users/egydi/appdata/roaming/xpacks/@xpack-dev-tools/arm-none-eabi-gcc/9.2.1-1.1.1/.content/bin/../lib/gcc/arm-none-eabi/9.2.1/../../../../arm-none-eabi/lib/thumb/v7e-m/nofp\libg_nano.a(lib_a-memcpy-stub.o)
                0x0000000008001dd0                memcpy
 .text.memmove  0x0000000008001dec       0x34 c:/users/egydi/appdata/roaming/xpacks/@xpack-dev-tools/arm-none-eabi-gcc/9.2.1-1.1.1/.content/bin/../lib/gcc/arm-none-eabi/9.2.1/../../../../arm-none-eabi/lib/thumb/v7e-m/nofp\libg_nano.a(lib_a-memmove.o)
                0x0000000008001dec                memmove
 .text._realloc_r
                0x0000000008001e20       0x4c c:/users/egydi/appdata/roaming/xpacks/@xpack-dev-tools/arm-none-eabi-gcc/9.2.1-1.1.1/.content/bin/../lib/gcc/arm-none-eabi/9.2.1/../../../../arm-none-eabi/lib/thumb/v7e-m/nofp\libg_nano.a(lib_a-nano-reallocr.o)
                0x0000000008001e20                _realloc_r
 .text._malloc_usable_size_r
                0x0000000008001e6c       0x10 c:/users/egydi/appdata/roaming/xpacks/@xpack-dev-tools/arm-none-eabi-gcc/9.2.1-1.1.1/.content/bin/../lib/gcc/arm-none-eabi/9.2.1/../../../../arm-none-eabi/lib/thumb/v7e-m/nofp\libg_nano.a(lib_a-nano-msizer.o)
                0x0000000008001e6c                _malloc_usable_size_r
 *(.rodata .rodata.* .constdata .constdata.*)
 .rodata.HAL_NVIC_SetPriorityGrouping.str1.4
                0x0000000008001e7c       0x31 ./system/src/stm32f4-hal/stm32f4xx_hal_cortex.o
 *fill*         0x0000000008001ead        0x3 
 .rodata.HAL_RCC_OscConfig.str1.4
                0x0000000008001eb0       0x2e ./system/src/stm32f4-hal/stm32f4xx_hal_rcc.o
 *fill*         0x0000000008001ede        0x2 
 .rodata.APBAHBPrescTable
                0x0000000008001ee0       0x10 ./system/src/stm32f4-hal/stm32f4xx_hal_rcc.o
                0x0000000008001ee0                APBAHBPrescTable
 .rodata.abort.str1.4
                0x0000000008001ef0       0x14 ./system/src/newlib/_exit.o
 .rodata.initialise_monitor_handles.str1.4
                0x0000000008001f04        0x4 ./system/src/newlib/_syscalls.o
 .rodata.assert_failed.str1.4
                0x0000000008001f08       0x2b ./system/src/newlib/assert.o
 .rodata.trace_puts.str1.4
                0x0000000008001f33       0x2b ./system/src/diag/Trace.o
                                          0x2 (size before relaxing)
 *fill*         0x0000000008001f33        0x1 
 .rodata.dumpExceptionStack.str1.4
                0x0000000008001f34      0x11a ./system/src/cortexm/exception_handlers.o
 .rodata.isSemihosting.str1.4
                0x000000000800204e        0x4 ./system/src/cortexm/exception_handlers.o
 *fill*         0x000000000800204e        0x2 
 .rodata.str1.4
                0x0000000008002050       0x2a ./system/src/cortexm/exception_handlers.o
 *fill*         0x000000000800207a        0x2 
 .rodata.AHBPrescTable
                0x000000000800207c       0x10 ./system/src/cmsis/system_stm32f4xx.o
                0x000000000800207c                AHBPrescTable
 .rodata._ctype_
                0x000000000800208c      0x101 c:/users/egydi/appdata/roaming/xpacks/@xpack-dev-tools/arm-none-eabi-gcc/9.2.1-1.1.1/.content/bin/../lib/gcc/arm-none-eabi/9.2.1/../../../../arm-none-eabi/lib/thumb/v7e-m/nofp\libg_nano.a(lib_a-ctype_.o)
                0x000000000800208c                _ctype_
 *fill*         0x000000000800218d        0x3 
 .rodata.__sf_fake_stderr
                0x0000000008002190       0x20 c:/users/egydi/appdata/roaming/xpacks/@xpack-dev-tools/arm-none-eabi-gcc/9.2.1-1.1.1/.content/bin/../lib/gcc/arm-none-eabi/9.2.1/../../../../arm-none-eabi/lib/thumb/v7e-m/nofp\libg_nano.a(lib_a-findfp.o)
                0x0000000008002190                __sf_fake_stderr
 .rodata.__sf_fake_stdin
                0x00000000080021b0       0x20 c:/users/egydi/appdata/roaming/xpacks/@xpack-dev-tools/arm-none-eabi-gcc/9.2.1-1.1.1/.content/bin/../lib/gcc/arm-none-eabi/9.2.1/../../../../arm-none-eabi/lib/thumb/v7e-m/nofp\libg_nano.a(lib_a-findfp.o)
                0x00000000080021b0                __sf_fake_stdin
 .rodata.__sf_fake_stdout
                0x00000000080021d0       0x20 c:/users/egydi/appdata/roaming/xpacks/@xpack-dev-tools/arm-none-eabi-gcc/9.2.1-1.1.1/.content/bin/../lib/gcc/arm-none-eabi/9.2.1/../../../../arm-none-eabi/lib/thumb/v7e-m/nofp\libg_nano.a(lib_a-findfp.o)
                0x00000000080021d0                __sf_fake_stdout
 .rodata._svfprintf_r.str1.1
                0x00000000080021f0       0x11 c:/users/egydi/appdata/roaming/xpacks/@xpack-dev-tools/arm-none-eabi-gcc/9.2.1-1.1.1/.content/bin/../lib/gcc/arm-none-eabi/9.2.1/../../../../arm-none-eabi/lib/thumb/v7e-m/nofp\libg_nano.a(lib_a-nano-svfprintf.o)
 .rodata._printf_i.str1.1
                0x0000000008002201       0x22 c:/users/egydi/appdata/roaming/xpacks/@xpack-dev-tools/arm-none-eabi-gcc/9.2.1-1.1.1/.content/bin/../lib/gcc/arm-none-eabi/9.2.1/../../../../arm-none-eabi/lib/thumb/v7e-m/nofp\libg_nano.a(lib_a-nano-vfprintf_i.o)
 *(vtable)
 *(.eh_frame*)
 *(.glue_7)
 .glue_7        0x0000000008002223        0x0 linker stubs
 *(.glue_7t)
 .glue_7t       0x0000000008002223        0x0 linker stubs

.vfp11_veneer   0x0000000008002224        0x0
 .vfp11_veneer  0x0000000008002224        0x0 linker stubs

.v4_bx          0x0000000008002224        0x0
 .v4_bx         0x0000000008002224        0x0 linker stubs

.iplt           0x0000000008002224        0x0
 .iplt          0x0000000008002224        0x0 ./system/src/stm32f4-hal/stm32f4xx_hal.o

.rel.dyn        0x0000000008002224        0x0
 .rel.iplt      0x0000000008002224        0x0 ./system/src/stm32f4-hal/stm32f4xx_hal.o

.ARM.extab
 *(.ARM.extab* .gnu.linkonce.armextab.*)
                0x0000000008002224                . = ALIGN (0x4)
                0x0000000008002224                __exidx_start = .

.ARM.exidx
 *(.ARM.exidx* .gnu.linkonce.armexidx.*)
                0x0000000008002224                __exidx_end = .
                0x0000000008002224                . = ALIGN (0x4)
                0x0000000008002224                _etext = .
                0x0000000008002224                __etext = .

.data_CCMRAM    0x0000000010000000        0x0 load address 0x0000000008002224
 FILL mask 0xff
 *(.data.CCMRAM .data.CCMRAM.*)
                0x0000000010000000                . = ALIGN (0x4)
                0x0000000008002224                _sidata = LOADADDR (.data)

.data           0x0000000020000000       0x7c load address 0x0000000008002224
 FILL mask 0xff
                0x0000000020000000                _sdata = .
                0x0000000020000000                __data_start__ = .
 *(.data_begin .data_begin.*)
 .data_begin    0x0000000020000000        0x4 ./system/src/newlib/_startup.o
 *(.data .data.*)
 .data.SystemCoreClock
                0x0000000020000004        0x4 ./system/src/cmsis/system_stm32f4xx.o
                0x0000000020000004                SystemCoreClock
 .data.count1_task
                0x0000000020000008        0x4 ./src/main.o
                0x0000000020000008                count1_task
 .data.count2_task
                0x000000002000000c        0x4 ./src/main.o
                0x000000002000000c                count2_task
 .data.count3_task
                0x0000000020000010        0x4 ./src/main.o
                0x0000000020000010                count3_task
 .data._impure_ptr
                0x0000000020000014        0x4 c:/users/egydi/appdata/roaming/xpacks/@xpack-dev-tools/arm-none-eabi-gcc/9.2.1-1.1.1/.content/bin/../lib/gcc/arm-none-eabi/9.2.1/../../../../arm-none-eabi/lib/thumb/v7e-m/nofp\libg_nano.a(lib_a-impure.o)
                0x0000000020000014                _impure_ptr
 .data.impure_data
                0x0000000020000018       0x60 c:/users/egydi/appdata/roaming/xpacks/@xpack-dev-tools/arm-none-eabi-gcc/9.2.1-1.1.1/.content/bin/../lib/gcc/arm-none-eabi/9.2.1/../../../../arm-none-eabi/lib/thumb/v7e-m/nofp\libg_nano.a(lib_a-impure.o)
 *(.data_end .data_end.*)
 .data_end      0x0000000020000078        0x4 ./system/src/newlib/_startup.o
                0x000000002000007c                . = ALIGN (0x4)
                0x000000002000007c                _edata = .
                0x000000002000007c                __data_end__ = .

.igot.plt       0x000000002000007c        0x0 load address 0x00000000080022a0
 .igot.plt      0x000000002000007c        0x0 ./system/src/stm32f4-hal/stm32f4xx_hal.o

.bss_CCMRAM     0x0000000010000000        0x0
 *(.bss.CCMRAM .bss.CCMRAM.*)

.bss            0x000000002000007c      0x6b4
                0x000000002000007c                __bss_start__ = .
                0x000000002000007c                _sbss = .
 *(.bss_begin .bss_begin.*)
 .bss_begin     0x000000002000007c        0x4 ./system/src/newlib/_startup.o
 *(.bss .bss.*)
 .bss.current_heap_end.4484
                0x0000000020000080        0x4 ./system/src/newlib/_sbrk.o
 .bss.args_buf.6432
                0x0000000020000084       0x50 ./system/src/newlib/_syscalls.o
 .bss.argv_buf.6433
                0x00000000200000d4       0x28 ./system/src/newlib/_syscalls.o
 .bss.monitor_stderr
                0x00000000200000fc        0x4 ./system/src/newlib/_syscalls.o
 .bss.monitor_stdin
                0x0000000020000100        0x4 ./system/src/newlib/_syscalls.o
 .bss.monitor_stdout
                0x0000000020000104        0x4 ./system/src/newlib/_syscalls.o
 .bss.openfiles
                0x0000000020000108       0xa0 ./system/src/newlib/_syscalls.o
 .bss.buf.5728  0x00000000200001a8       0x80 ./system/src/diag/Trace.o
 .bss.c1        0x0000000020000228        0x4 ./src/main.o
                0x0000000020000228                c1
 .bss.c2        0x000000002000022c        0x4 ./src/main.o
                0x000000002000022c                c2
 .bss.c3        0x0000000020000230        0x4 ./src/main.o
                0x0000000020000230                c3
 .bss.__malloc_free_list
                0x0000000020000234        0x4 c:/users/egydi/appdata/roaming/xpacks/@xpack-dev-tools/arm-none-eabi-gcc/9.2.1-1.1.1/.content/bin/../lib/gcc/arm-none-eabi/9.2.1/../../../../arm-none-eabi/lib/thumb/v7e-m/nofp\libg_nano.a(lib_a-nano-mallocr.o)
                0x0000000020000234                __malloc_free_list
 .bss.__malloc_sbrk_start
                0x0000000020000238        0x4 c:/users/egydi/appdata/roaming/xpacks/@xpack-dev-tools/arm-none-eabi-gcc/9.2.1-1.1.1/.content/bin/../lib/gcc/arm-none-eabi/9.2.1/../../../../arm-none-eabi/lib/thumb/v7e-m/nofp\libg_nano.a(lib_a-nano-mallocr.o)
                0x0000000020000238                __malloc_sbrk_start
 *(COMMON)
 COMMON         0x000000002000023c        0x4 ./system/src/stm32f4-hal/stm32f4xx_hal.o
                0x000000002000023c                uwTick
 COMMON         0x0000000020000240        0x4 ./system/src/newlib/_syscalls.o
                0x0000000020000240                errno
 COMMON         0x0000000020000244      0x4dc ./src/main.o
                0x0000000020000244                currentPt
                0x0000000020000248                semaphore1
                0x000000002000024c                tcbs
                0x0000000020000264                MILLIS_PRESCALER
                0x0000000020000268                event_bits
                0x000000002000026c                semaphore2
                0x0000000020000270                TCBS_STACK
 COMMON         0x0000000020000720        0x9 c:/users/egydi/appdata/roaming/xpacks/@xpack-dev-tools/arm-none-eabi-gcc/9.2.1-1.1.1/.content/bin/../lib/gcc/arm-none-eabi/9.2.1/../../../../arm-none-eabi/lib/thumb/v7e-m/nofp\libg_nano.a(lib_a-lock.o)
                0x0000000020000720                __lock___atexit_recursive_mutex
                0x0000000020000721                __lock___arc4random_mutex
                0x0000000020000722                __lock___env_recursive_mutex
                0x0000000020000723                __lock___sinit_recursive_mutex
                0x0000000020000724                __lock___malloc_recursive_mutex
                0x0000000020000725                __lock___at_quick_exit_mutex
                0x0000000020000726                __lock___dd_hash_mutex
                0x0000000020000727                __lock___tz_mutex
                0x0000000020000728                __lock___sfp_recursive_mutex
 *(.bss_end .bss_end.*)
 *fill*         0x0000000020000729        0x3 
 .bss_end       0x000000002000072c        0x4 ./system/src/newlib/_startup.o
                0x0000000020000730                . = ALIGN (0x4)
                0x0000000020000730                __bss_end__ = .
                0x0000000020000730                _ebss = .

.noinit_CCMRAM
 *(.noinit.CCMRAM .noinit.CCMRAM.*)

.noinit         0x0000000020000730        0x0
                0x0000000020000730                _noinit = .
 *(.noinit .noinit.*)
                0x0000000020000730                . = ALIGN (0x4)
                0x0000000020000730                _end_noinit = .
                [!provide]                        PROVIDE (end = _end_noinit)
                [!provide]                        PROVIDE (_end = _end_noinit)
                [!provide]                        PROVIDE (__end = _end_noinit)
                [!provide]                        PROVIDE (__end__ = _end_noinit)

._check_stack   0x0000000020000730      0x100
                0x0000000020000830                . = (. + _Minimum_Stack_Size)
 *fill*         0x0000000020000730      0x100 

.b1text
 *(.b1text)
 *(.b1rodata)
 *(.b1rodata.*)

.eb0text
 *(.eb0text)
 *(.eb0rodata)
 *(.eb0rodata.*)

.eb1text
 *(.eb1text)
 *(.eb1rodata)
 *(.eb1rodata.*)

.eb2text
 *(.eb2text)
 *(.eb2rodata)
 *(.eb2rodata.*)

.eb3text
 *(.eb3text)
 *(.eb3rodata)
 *(.eb3rodata.*)

.stab
 *(.stab)

.stabstr
 *(.stabstr)

.stab.excl
 *(.stab.excl)

.stab.exclstr
 *(.stab.exclstr)

.stab.index
 *(.stab.index)

.stab.indexstr
 *(.stab.indexstr)

.comment        0x0000000000000000       0x66
 *(.comment)
 .comment       0x0000000000000000       0x66 ./system/src/stm32f4-hal/stm32f4xx_hal.o
                                         0x67 (size before relaxing)
 .comment       0x0000000000000066       0x67 ./system/src/stm32f4-hal/stm32f4xx_hal_cortex.o
 .comment       0x0000000000000066       0x67 ./system/src/stm32f4-hal/stm32f4xx_hal_rcc.o
 .comment       0x0000000000000066       0x67 ./system/src/newlib/_exit.o
 .comment       0x0000000000000066       0x67 ./system/src/newlib/_sbrk.o
 .comment       0x0000000000000066       0x67 ./system/src/newlib/_startup.o
 .comment       0x0000000000000066       0x67 ./system/src/newlib/_syscalls.o
 .comment       0x0000000000000066       0x67 ./system/src/newlib/assert.o
 .comment       0x0000000000000066       0x67 ./system/src/diag/Trace.o
 .comment       0x0000000000000066       0x67 ./system/src/diag/trace_impl.o
 .comment       0x0000000000000066       0x67 ./system/src/cortexm/_initialize_hardware.o
 .comment       0x0000000000000066       0x67 ./system/src/cortexm/exception_handlers.o
 .comment       0x0000000000000066       0x67 ./system/src/cmsis/system_stm32f4xx.o
 .comment       0x0000000000000066       0x67 ./system/src/cmsis/vectors_stm32f407xx.o
 .comment       0x0000000000000066       0x67 ./src/_initialize_hardware.o
 .comment       0x0000000000000066       0x67 ./src/main.o
 .comment       0x0000000000000066       0x67 ./RTOS/kernel.o
 .comment       0x0000000000000066       0x67 ./RTOS/stm32f4xx_hal_msp.o

.ARM.attributes
                0x0000000000000000       0x2c
 .ARM.attributes
                0x0000000000000000       0x2e ./system/src/stm32f4-hal/stm32f4xx_hal.o
 .ARM.attributes
                0x000000000000002e       0x2e ./system/src/stm32f4-hal/stm32f4xx_hal_cortex.o
 .ARM.attributes
                0x000000000000005c       0x2e ./system/src/stm32f4-hal/stm32f4xx_hal_rcc.o
 .ARM.attributes
                0x000000000000008a       0x2e ./system/src/newlib/_exit.o
 .ARM.attributes
                0x00000000000000b8       0x2e ./system/src/newlib/_sbrk.o
 .ARM.attributes
                0x00000000000000e6       0x2e ./system/src/newlib/_startup.o
 .ARM.attributes
                0x0000000000000114       0x2e ./system/src/newlib/_syscalls.o
 .ARM.attributes
                0x0000000000000142       0x2e ./system/src/newlib/assert.o
 .ARM.attributes
                0x0000000000000170       0x2e ./system/src/diag/Trace.o
 .ARM.attributes
                0x000000000000019e       0x2e ./system/src/diag/trace_impl.o
 .ARM.attributes
                0x00000000000001cc       0x2e ./system/src/cortexm/_initialize_hardware.o
 .ARM.attributes
                0x00000000000001fa       0x2e ./system/src/cortexm/exception_handlers.o
 .ARM.attributes
                0x0000000000000228       0x2e ./system/src/cmsis/system_stm32f4xx.o
 .ARM.attributes
                0x0000000000000256       0x2e ./system/src/cmsis/vectors_stm32f407xx.o
 .ARM.attributes
                0x0000000000000284       0x2e ./src/_initialize_hardware.o
 .ARM.attributes
                0x00000000000002b2       0x2e ./src/main.o
 .ARM.attributes
                0x00000000000002e0       0x2e ./RTOS/kernel.o
 .ARM.attributes
                0x000000000000030e       0x2e ./RTOS/stm32f4xx_hal_msp.o
 .ARM.attributes
                0x000000000000033c       0x2e c:/users/egydi/appdata/roaming/xpacks/@xpack-dev-tools/arm-none-eabi-gcc/9.2.1-1.1.1/.content/bin/../lib/gcc/arm-none-eabi/9.2.1/../../../../arm-none-eabi/lib/thumb/v7e-m/nofp\libg_nano.a(lib_a-ctype_.o)
 .ARM.attributes
                0x000000000000036a       0x2e c:/users/egydi/appdata/roaming/xpacks/@xpack-dev-tools/arm-none-eabi-gcc/9.2.1-1.1.1/.content/bin/../lib/gcc/arm-none-eabi/9.2.1/../../../../arm-none-eabi/lib/thumb/v7e-m/nofp\libg_nano.a(lib_a-errno.o)
 .ARM.attributes
                0x0000000000000398       0x2e c:/users/egydi/appdata/roaming/xpacks/@xpack-dev-tools/arm-none-eabi-gcc/9.2.1-1.1.1/.content/bin/../lib/gcc/arm-none-eabi/9.2.1/../../../../arm-none-eabi/lib/thumb/v7e-m/nofp\libg_nano.a(lib_a-findfp.o)
 .ARM.attributes
                0x00000000000003c6       0x2e c:/users/egydi/appdata/roaming/xpacks/@xpack-dev-tools/arm-none-eabi-gcc/9.2.1-1.1.1/.content/bin/../lib/gcc/arm-none-eabi/9.2.1/../../../../arm-none-eabi/lib/thumb/v7e-m/nofp\libg_nano.a(lib_a-impure.o)
 .ARM.attributes
                0x00000000000003f4       0x2e c:/users/egydi/appdata/roaming/xpacks/@xpack-dev-tools/arm-none-eabi-gcc/9.2.1-1.1.1/.content/bin/../lib/gcc/arm-none-eabi/9.2.1/../../../../arm-none-eabi/lib/thumb/v7e-m/nofp\libg_nano.a(lib_a-lock.o)
 .ARM.attributes
                0x0000000000000422       0x2e c:/users/egydi/appdata/roaming/xpacks/@xpack-dev-tools/arm-none-eabi-gcc/9.2.1-1.1.1/.content/bin/../lib/gcc/arm-none-eabi/9.2.1/../../../../arm-none-eabi/lib/thumb/v7e-m/nofp\libg_nano.a(lib_a-nano-mallocr.o)
 .ARM.attributes
                0x0000000000000450       0x2e c:/users/egydi/appdata/roaming/xpacks/@xpack-dev-tools/arm-none-eabi-gcc/9.2.1-1.1.1/.content/bin/../lib/gcc/arm-none-eabi/9.2.1/../../../../arm-none-eabi/lib/thumb/v7e-m/nofp\libg_nano.a(lib_a-sbrkr.o)
 .ARM.attributes
                0x000000000000047e       0x1c c:/users/egydi/appdata/roaming/xpacks/@xpack-dev-tools/arm-none-eabi-gcc/9.2.1-1.1.1/.content/bin/../lib/gcc/arm-none-eabi/9.2.1/../../../../arm-none-eabi/lib/thumb/v7e-m/nofp\libg_nano.a(lib_a-strcmp.o)
 .ARM.attributes
                0x000000000000049a       0x17 c:/users/egydi/appdata/roaming/xpacks/@xpack-dev-tools/arm-none-eabi-gcc/9.2.1-1.1.1/.content/bin/../lib/gcc/arm-none-eabi/9.2.1/../../../../arm-none-eabi/lib/thumb/v7e-m/nofp\libg_nano.a(lib_a-strlen.o)
 .ARM.attributes
                0x00000000000004b1       0x2e c:/users/egydi/appdata/roaming/xpacks/@xpack-dev-tools/arm-none-eabi-gcc/9.2.1-1.1.1/.content/bin/../lib/gcc/arm-none-eabi/9.2.1/../../../../arm-none-eabi/lib/thumb/v7e-m/nofp\libg_nano.a(lib_a-vsnprintf.o)
 .ARM.attributes
                0x00000000000004df       0x2e c:/users/egydi/appdata/roaming/xpacks/@xpack-dev-tools/arm-none-eabi-gcc/9.2.1-1.1.1/.content/bin/../lib/gcc/arm-none-eabi/9.2.1/../../../../arm-none-eabi/lib/thumb/v7e-m/nofp\libg_nano.a(lib_a-mlock.o)
 .ARM.attributes
                0x000000000000050d       0x2e c:/users/egydi/appdata/roaming/xpacks/@xpack-dev-tools/arm-none-eabi-gcc/9.2.1-1.1.1/.content/bin/../lib/gcc/arm-none-eabi/9.2.1/../../../../arm-none-eabi/lib/thumb/v7e-m/nofp\libg_nano.a(lib_a-nano-freer.o)
 .ARM.attributes
                0x000000000000053b       0x2e c:/users/egydi/appdata/roaming/xpacks/@xpack-dev-tools/arm-none-eabi-gcc/9.2.1-1.1.1/.content/bin/../lib/gcc/arm-none-eabi/9.2.1/../../../../arm-none-eabi/lib/thumb/v7e-m/nofp\libg_nano.a(lib_a-nano-svfprintf.o)
 .ARM.attributes
                0x0000000000000569       0x2e c:/users/egydi/appdata/roaming/xpacks/@xpack-dev-tools/arm-none-eabi-gcc/9.2.1-1.1.1/.content/bin/../lib/gcc/arm-none-eabi/9.2.1/../../../../arm-none-eabi/lib/thumb/v7e-m/nofp\libg_nano.a(lib_a-nano-vfprintf_i.o)
 .ARM.attributes
                0x0000000000000597       0x1c c:/users/egydi/appdata/roaming/xpacks/@xpack-dev-tools/arm-none-eabi-gcc/9.2.1-1.1.1/.content/bin/../lib/gcc/arm-none-eabi/9.2.1/../../../../arm-none-eabi/lib/thumb/v7e-m/nofp\libg_nano.a(lib_a-memchr.o)
 .ARM.attributes
                0x00000000000005b3       0x2e c:/users/egydi/appdata/roaming/xpacks/@xpack-dev-tools/arm-none-eabi-gcc/9.2.1-1.1.1/.content/bin/../lib/gcc/arm-none-eabi/9.2.1/../../../../arm-none-eabi/lib/thumb/v7e-m/nofp\libg_nano.a(lib_a-memcpy-stub.o)
 .ARM.attributes
                0x00000000000005e1       0x2e c:/users/egydi/appdata/roaming/xpacks/@xpack-dev-tools/arm-none-eabi-gcc/9.2.1-1.1.1/.content/bin/../lib/gcc/arm-none-eabi/9.2.1/../../../../arm-none-eabi/lib/thumb/v7e-m/nofp\libg_nano.a(lib_a-memmove.o)
 .ARM.attributes
                0x000000000000060f       0x2e c:/users/egydi/appdata/roaming/xpacks/@xpack-dev-tools/arm-none-eabi-gcc/9.2.1-1.1.1/.content/bin/../lib/gcc/arm-none-eabi/9.2.1/../../../../arm-none-eabi/lib/thumb/v7e-m/nofp\libg_nano.a(lib_a-nano-reallocr.o)
 .ARM.attributes
                0x000000000000063d       0x2e c:/users/egydi/appdata/roaming/xpacks/@xpack-dev-tools/arm-none-eabi-gcc/9.2.1-1.1.1/.content/bin/../lib/gcc/arm-none-eabi/9.2.1/../../../../arm-none-eabi/lib/thumb/v7e-m/nofp\libg_nano.a(lib_a-nano-msizer.o)

.debug
 *(.debug)

.line
 *(.line)

.debug_srcinfo
 *(.debug_srcinfo)

.debug_sfnames
 *(.debug_sfnames)

.debug_aranges  0x0000000000000000      0x628
 *(.debug_aranges)
 .debug_aranges
                0x0000000000000000       0xc0 ./system/src/stm32f4-hal/stm32f4xx_hal.o
 .debug_aranges
                0x00000000000000c0       0x98 ./system/src/stm32f4-hal/stm32f4xx_hal_cortex.o
 .debug_aranges
                0x0000000000000158       0x88 ./system/src/stm32f4-hal/stm32f4xx_hal_rcc.o
 .debug_aranges
                0x00000000000001e0       0x28 ./system/src/newlib/_exit.o
 .debug_aranges
                0x0000000000000208       0x20 ./system/src/newlib/_sbrk.o
 .debug_aranges
                0x0000000000000228       0x40 ./system/src/newlib/_startup.o
 .debug_aranges
                0x0000000000000268      0x120 ./system/src/newlib/_syscalls.o
 .debug_aranges
                0x0000000000000388       0x28 ./system/src/newlib/assert.o
 .debug_aranges
                0x00000000000003b0       0x38 ./system/src/diag/Trace.o
 .debug_aranges
                0x00000000000003e8       0x30 ./system/src/diag/trace_impl.o
 .debug_aranges
                0x0000000000000418       0x28 ./system/src/cortexm/_initialize_hardware.o
 .debug_aranges
                0x0000000000000440       0x90 ./system/src/cortexm/exception_handlers.o
 .debug_aranges
                0x00000000000004d0       0x28 ./system/src/cmsis/system_stm32f4xx.o
 .debug_aranges
                0x00000000000004f8       0x20 ./system/src/cmsis/vectors_stm32f407xx.o
 .debug_aranges
                0x0000000000000518       0x28 ./src/_initialize_hardware.o
 .debug_aranges
                0x0000000000000540       0x38 ./src/main.o
 .debug_aranges
                0x0000000000000578       0x78 ./RTOS/kernel.o
 .debug_aranges
                0x00000000000005f0       0x38 ./RTOS/stm32f4xx_hal_msp.o

.debug_pubnames
 *(.debug_pubnames)

.debug_info     0x0000000000000000    0x10bff
 *(.debug_info .gnu.linkonce.wi.*)
 .debug_info    0x0000000000000000     0x1200 ./system/src/stm32f4-hal/stm32f4xx_hal.o
 .debug_info    0x0000000000001200     0x1b61 ./system/src/stm32f4-hal/stm32f4xx_hal_cortex.o
 .debug_info    0x0000000000002d61     0x1945 ./system/src/stm32f4-hal/stm32f4xx_hal_rcc.o
 .debug_info    0x00000000000046a6      0x9e7 ./system/src/newlib/_exit.o
 .debug_info    0x000000000000508d      0x9d4 ./system/src/newlib/_sbrk.o
 .debug_info    0x0000000000005a61      0x57f ./system/src/newlib/_startup.o
 .debug_info    0x0000000000005fe0     0x23a2 ./system/src/newlib/_syscalls.o
 .debug_info    0x0000000000008382      0xac2 ./system/src/newlib/assert.o
 .debug_info    0x0000000000008e44      0xbdb ./system/src/diag/Trace.o
 .debug_info    0x0000000000009a1f      0xc4a ./system/src/diag/trace_impl.o
 .debug_info    0x000000000000a669      0xba3 ./system/src/cortexm/_initialize_hardware.o
 .debug_info    0x000000000000b20c     0x138e ./system/src/cortexm/exception_handlers.o
 .debug_info    0x000000000000c59a      0xdd1 ./system/src/cmsis/system_stm32f4xx.o
 .debug_info    0x000000000000d36b       0xce ./system/src/cmsis/vectors_stm32f407xx.o
 .debug_info    0x000000000000d439      0xdfa ./src/_initialize_hardware.o
 .debug_info    0x000000000000e233      0xcaf ./src/main.o
 .debug_info    0x000000000000eee2     0x136e ./RTOS/kernel.o
 .debug_info    0x0000000000010250      0x9af ./RTOS/stm32f4xx_hal_msp.o

.debug_abbrev   0x0000000000000000     0x3204
 *(.debug_abbrev)
 .debug_abbrev  0x0000000000000000      0x37b ./system/src/stm32f4-hal/stm32f4xx_hal.o
 .debug_abbrev  0x000000000000037b      0x470 ./system/src/stm32f4-hal/stm32f4xx_hal_cortex.o
 .debug_abbrev  0x00000000000007eb      0x3fb ./system/src/stm32f4-hal/stm32f4xx_hal_rcc.o
 .debug_abbrev  0x0000000000000be6      0x222 ./system/src/newlib/_exit.o
 .debug_abbrev  0x0000000000000e08      0x232 ./system/src/newlib/_sbrk.o
 .debug_abbrev  0x000000000000103a      0x1fa ./system/src/newlib/_startup.o
 .debug_abbrev  0x0000000000001234      0x499 ./system/src/newlib/_syscalls.o
 .debug_abbrev  0x00000000000016cd      0x222 ./system/src/newlib/assert.o
 .debug_abbrev  0x00000000000018ef      0x2c6 ./system/src/diag/Trace.o
 .debug_abbrev  0x0000000000001bb5      0x345 ./system/src/diag/trace_impl.o
 .debug_abbrev  0x0000000000001efa      0x20a ./system/src/cortexm/_initialize_hardware.o
 .debug_abbrev  0x0000000000002104      0x3b1 ./system/src/cortexm/exception_handlers.o
 .debug_abbrev  0x00000000000024b5      0x250 ./system/src/cmsis/system_stm32f4xx.o
 .debug_abbrev  0x0000000000002705       0xa5 ./system/src/cmsis/vectors_stm32f407xx.o
 .debug_abbrev  0x00000000000027aa      0x25d ./src/_initialize_hardware.o
 .debug_abbrev  0x0000000000002a07      0x2b7 ./src/main.o
 .debug_abbrev  0x0000000000002cbe      0x36d ./RTOS/kernel.o
 .debug_abbrev  0x000000000000302b      0x1d9 ./RTOS/stm32f4xx_hal_msp.o

.debug_line     0x0000000000000000     0xc549
 *(.debug_line)
 .debug_line    0x0000000000000000      0xd81 ./system/src/stm32f4-hal/stm32f4xx_hal.o
 .debug_line    0x0000000000000d81     0x10af ./system/src/stm32f4-hal/stm32f4xx_hal_cortex.o
 .debug_line    0x0000000000001e30     0x166a ./system/src/stm32f4-hal/stm32f4xx_hal_rcc.o
 .debug_line    0x000000000000349a      0x409 ./system/src/newlib/_exit.o
 .debug_line    0x00000000000038a3      0x3f3 ./system/src/newlib/_sbrk.o
 .debug_line    0x0000000000003c96      0x6ee ./system/src/newlib/_startup.o
 .debug_line    0x0000000000004384     0x11c0 ./system/src/newlib/_syscalls.o
 .debug_line    0x0000000000005544      0x44e ./system/src/newlib/assert.o
 .debug_line    0x0000000000005992      0x4e5 ./system/src/diag/Trace.o
 .debug_line    0x0000000000005e77      0xc33 ./system/src/diag/trace_impl.o
 .debug_line    0x0000000000006aaa      0xb2e ./system/src/cortexm/_initialize_hardware.o
 .debug_line    0x00000000000075d8      0xf93 ./system/src/cortexm/exception_handlers.o
 .debug_line    0x000000000000856b      0xbf1 ./system/src/cmsis/system_stm32f4xx.o
 .debug_line    0x000000000000915c      0x2f4 ./system/src/cmsis/vectors_stm32f407xx.o
 .debug_line    0x0000000000009450      0xb8f ./src/_initialize_hardware.o
 .debug_line    0x0000000000009fdf      0xc1a ./src/main.o
 .debug_line    0x000000000000abf9      0xe30 ./RTOS/kernel.o
 .debug_line    0x000000000000ba29      0xb20 ./RTOS/stm32f4xx_hal_msp.o

.debug_frame    0x0000000000000000     0x1304
 *(.debug_frame)
 .debug_frame   0x0000000000000000      0x188 ./system/src/stm32f4-hal/stm32f4xx_hal.o
 .debug_frame   0x0000000000000188      0x17c ./system/src/stm32f4-hal/stm32f4xx_hal_cortex.o
 .debug_frame   0x0000000000000304      0x13c ./system/src/stm32f4-hal/stm32f4xx_hal_rcc.o
 .debug_frame   0x0000000000000440       0x38 ./system/src/newlib/_exit.o
 .debug_frame   0x0000000000000478       0x28 ./system/src/newlib/_sbrk.o
 .debug_frame   0x00000000000004a0       0x7c ./system/src/newlib/_startup.o
 .debug_frame   0x000000000000051c      0x3d8 ./system/src/newlib/_syscalls.o
 .debug_frame   0x00000000000008f4       0x40 ./system/src/newlib/assert.o
 .debug_frame   0x0000000000000934       0x94 ./system/src/diag/Trace.o
 .debug_frame   0x00000000000009c8       0x64 ./system/src/diag/trace_impl.o
 .debug_frame   0x0000000000000a2c       0x40 ./system/src/cortexm/_initialize_hardware.o
 .debug_frame   0x0000000000000a6c      0x164 ./system/src/cortexm/exception_handlers.o
 .debug_frame   0x0000000000000bd0       0x30 ./system/src/cmsis/system_stm32f4xx.o
 .debug_frame   0x0000000000000c00       0x20 ./system/src/cmsis/vectors_stm32f407xx.o
 .debug_frame   0x0000000000000c20       0x48 ./src/_initialize_hardware.o
 .debug_frame   0x0000000000000c68       0x70 ./src/main.o
 .debug_frame   0x0000000000000cd8       0xf4 ./RTOS/kernel.o
 .debug_frame   0x0000000000000dcc       0x50 ./RTOS/stm32f4xx_hal_msp.o
 .debug_frame   0x0000000000000e1c       0x20 c:/users/egydi/appdata/roaming/xpacks/@xpack-dev-tools/arm-none-eabi-gcc/9.2.1-1.1.1/.content/bin/../lib/gcc/arm-none-eabi/9.2.1/../../../../arm-none-eabi/lib/thumb/v7e-m/nofp\libg_nano.a(lib_a-errno.o)
 .debug_frame   0x0000000000000e3c      0x14c c:/users/egydi/appdata/roaming/xpacks/@xpack-dev-tools/arm-none-eabi-gcc/9.2.1-1.1.1/.content/bin/../lib/gcc/arm-none-eabi/9.2.1/../../../../arm-none-eabi/lib/thumb/v7e-m/nofp\libg_nano.a(lib_a-findfp.o)
 .debug_frame   0x0000000000000f88       0xb0 c:/users/egydi/appdata/roaming/xpacks/@xpack-dev-tools/arm-none-eabi-gcc/9.2.1-1.1.1/.content/bin/../lib/gcc/arm-none-eabi/9.2.1/../../../../arm-none-eabi/lib/thumb/v7e-m/nofp\libg_nano.a(lib_a-lock.o)
 .debug_frame   0x0000000000001038       0x30 c:/users/egydi/appdata/roaming/xpacks/@xpack-dev-tools/arm-none-eabi-gcc/9.2.1-1.1.1/.content/bin/../lib/gcc/arm-none-eabi/9.2.1/../../../../arm-none-eabi/lib/thumb/v7e-m/nofp\libg_nano.a(lib_a-nano-mallocr.o)
 .debug_frame   0x0000000000001068       0x2c c:/users/egydi/appdata/roaming/xpacks/@xpack-dev-tools/arm-none-eabi-gcc/9.2.1-1.1.1/.content/bin/../lib/gcc/arm-none-eabi/9.2.1/../../../../arm-none-eabi/lib/thumb/v7e-m/nofp\libg_nano.a(lib_a-sbrkr.o)
 .debug_frame   0x0000000000001094       0x20 c:/users/egydi/appdata/roaming/xpacks/@xpack-dev-tools/arm-none-eabi-gcc/9.2.1-1.1.1/.content/bin/../lib/gcc/arm-none-eabi/9.2.1/../../../../arm-none-eabi/lib/thumb/v7e-m/nofp\libg_nano.a(lib_a-strcmp.o)
 .debug_frame   0x00000000000010b4       0x4c c:/users/egydi/appdata/roaming/xpacks/@xpack-dev-tools/arm-none-eabi-gcc/9.2.1-1.1.1/.content/bin/../lib/gcc/arm-none-eabi/9.2.1/../../../../arm-none-eabi/lib/thumb/v7e-m/nofp\libg_nano.a(lib_a-vsnprintf.o)
 .debug_frame   0x0000000000001100       0x30 c:/users/egydi/appdata/roaming/xpacks/@xpack-dev-tools/arm-none-eabi-gcc/9.2.1-1.1.1/.content/bin/../lib/gcc/arm-none-eabi/9.2.1/../../../../arm-none-eabi/lib/thumb/v7e-m/nofp\libg_nano.a(lib_a-mlock.o)
 .debug_frame   0x0000000000001130       0x38 c:/users/egydi/appdata/roaming/xpacks/@xpack-dev-tools/arm-none-eabi-gcc/9.2.1-1.1.1/.content/bin/../lib/gcc/arm-none-eabi/9.2.1/../../../../arm-none-eabi/lib/thumb/v7e-m/nofp\libg_nano.a(lib_a-nano-freer.o)
 .debug_frame   0x0000000000001168       0x90 c:/users/egydi/appdata/roaming/xpacks/@xpack-dev-tools/arm-none-eabi-gcc/9.2.1-1.1.1/.content/bin/../lib/gcc/arm-none-eabi/9.2.1/../../../../arm-none-eabi/lib/thumb/v7e-m/nofp\libg_nano.a(lib_a-nano-svfprintf.o)
 .debug_frame   0x00000000000011f8       0x60 c:/users/egydi/appdata/roaming/xpacks/@xpack-dev-tools/arm-none-eabi-gcc/9.2.1-1.1.1/.content/bin/../lib/gcc/arm-none-eabi/9.2.1/../../../../arm-none-eabi/lib/thumb/v7e-m/nofp\libg_nano.a(lib_a-nano-vfprintf_i.o)
 .debug_frame   0x0000000000001258       0x28 c:/users/egydi/appdata/roaming/xpacks/@xpack-dev-tools/arm-none-eabi-gcc/9.2.1-1.1.1/.content/bin/../lib/gcc/arm-none-eabi/9.2.1/../../../../arm-none-eabi/lib/thumb/v7e-m/nofp\libg_nano.a(lib_a-memcpy-stub.o)
 .debug_frame   0x0000000000001280       0x28 c:/users/egydi/appdata/roaming/xpacks/@xpack-dev-tools/arm-none-eabi-gcc/9.2.1-1.1.1/.content/bin/../lib/gcc/arm-none-eabi/9.2.1/../../../../arm-none-eabi/lib/thumb/v7e-m/nofp\libg_nano.a(lib_a-memmove.o)
 .debug_frame   0x00000000000012a8       0x3c c:/users/egydi/appdata/roaming/xpacks/@xpack-dev-tools/arm-none-eabi-gcc/9.2.1-1.1.1/.content/bin/../lib/gcc/arm-none-eabi/9.2.1/../../../../arm-none-eabi/lib/thumb/v7e-m/nofp\libg_nano.a(lib_a-nano-reallocr.o)
 .debug_frame   0x00000000000012e4       0x20 c:/users/egydi/appdata/roaming/xpacks/@xpack-dev-tools/arm-none-eabi-gcc/9.2.1-1.1.1/.content/bin/../lib/gcc/arm-none-eabi/9.2.1/../../../../arm-none-eabi/lib/thumb/v7e-m/nofp\libg_nano.a(lib_a-nano-msizer.o)

.debug_str      0x0000000000000000    0x9c6a3
 *(.debug_str)
 .debug_str     0x0000000000000000    0x97c1f ./system/src/stm32f4-hal/stm32f4xx_hal.o
                                      0x98040 (size before relaxing)
 .debug_str     0x0000000000097c1f      0x39a ./system/src/stm32f4-hal/stm32f4xx_hal_cortex.o
                                      0x97ed1 (size before relaxing)
 .debug_str     0x0000000000097fb9      0x400 ./system/src/stm32f4-hal/stm32f4xx_hal_rcc.o
                                      0x97a70 (size before relaxing)
 .debug_str     0x00000000000983b9     0x10fa ./system/src/newlib/_exit.o
                                       0x7ef7 (size before relaxing)
 .debug_str     0x00000000000994b3      0x4f5 ./system/src/newlib/_sbrk.o
                                       0x72a9 (size before relaxing)
 .debug_str     0x00000000000999a8      0x2c6 ./system/src/newlib/_startup.o
                                       0x69f1 (size before relaxing)
 .debug_str     0x0000000000099c6e     0x2059 ./system/src/newlib/_syscalls.o
                                       0xb417 (size before relaxing)
 .debug_str     0x000000000009bcc7       0xd0 ./system/src/newlib/assert.o
                                       0x89ad (size before relaxing)
 .debug_str     0x000000000009bd97      0x156 ./system/src/diag/Trace.o
                                       0x866f (size before relaxing)
 .debug_str     0x000000000009beed       0xa2 ./system/src/diag/trace_impl.o
                                      0x987ea (size before relaxing)
 .debug_str     0x000000000009bf8f       0x5e ./system/src/cortexm/_initialize_hardware.o
                                      0x97586 (size before relaxing)
 .debug_str     0x000000000009bfed      0x1dc ./system/src/cortexm/exception_handlers.o
                                      0x989e5 (size before relaxing)
 .debug_str     0x000000000009c1c9       0x46 ./system/src/cmsis/system_stm32f4xx.o
                                      0x97655 (size before relaxing)
 .debug_str     0x000000000009c20f       0x59 ./system/src/cmsis/vectors_stm32f407xx.o
                                       0x3dc4 (size before relaxing)
 .debug_str     0x000000000009c268       0x31 ./src/_initialize_hardware.o
                                      0x9776b (size before relaxing)
 .debug_str     0x000000000009c299      0x2f4 ./src/main.o
                                      0x9884f (size before relaxing)
 .debug_str     0x000000000009c58d       0xd8 ./RTOS/kernel.o
                                      0x97de3 (size before relaxing)
 .debug_str     0x000000000009c665       0x3e ./RTOS/stm32f4xx_hal_msp.o
                                      0x974c5 (size before relaxing)

.debug_loc      0x0000000000000000     0x36e7
 *(.debug_loc)
 .debug_loc     0x0000000000000000       0xdb ./system/src/stm32f4-hal/stm32f4xx_hal.o
 .debug_loc     0x00000000000000db      0x8ef ./system/src/stm32f4-hal/stm32f4xx_hal_cortex.o
 .debug_loc     0x00000000000009ca      0x7a1 ./system/src/stm32f4-hal/stm32f4xx_hal_rcc.o
 .debug_loc     0x000000000000116b       0x15 ./system/src/newlib/_exit.o
 .debug_loc     0x0000000000001180       0x97 ./system/src/newlib/_sbrk.o
 .debug_loc     0x0000000000001217      0x49b ./system/src/newlib/_startup.o
 .debug_loc     0x00000000000016b2     0x1441 ./system/src/newlib/_syscalls.o
 .debug_loc     0x0000000000002af3      0x160 ./system/src/newlib/assert.o
 .debug_loc     0x0000000000002c53      0x118 ./system/src/diag/Trace.o
 .debug_loc     0x0000000000002d6b      0x194 ./system/src/diag/trace_impl.o
 .debug_loc     0x0000000000002eff      0x524 ./system/src/cortexm/exception_handlers.o
 .debug_loc     0x0000000000003423      0x16c ./system/src/cmsis/system_stm32f4xx.o
 .debug_loc     0x000000000000358f       0x4a ./src/main.o
 .debug_loc     0x00000000000035d9      0x10e ./RTOS/kernel.o

.debug_macinfo
 *(.debug_macinfo)

.debug_weaknames
 *(.debug_weaknames)

.debug_funcnames
 *(.debug_funcnames)

.debug_typenames
 *(.debug_typenames)

.debug_varnames
 *(.debug_varnames)
OUTPUT(STM32_Ex03-Kernel.elf elf32-littlearm)

.debug_ranges   0x0000000000000000      0x5e0
 .debug_ranges  0x0000000000000000       0xb0 ./system/src/stm32f4-hal/stm32f4xx_hal.o
 .debug_ranges  0x00000000000000b0       0xe8 ./system/src/stm32f4-hal/stm32f4xx_hal_cortex.o
 .debug_ranges  0x0000000000000198       0x78 ./system/src/stm32f4-hal/stm32f4xx_hal_rcc.o
 .debug_ranges  0x0000000000000210       0x18 ./system/src/newlib/_exit.o
 .debug_ranges  0x0000000000000228       0x10 ./system/src/newlib/_sbrk.o
 .debug_ranges  0x0000000000000238       0x78 ./system/src/newlib/_startup.o
 .debug_ranges  0x00000000000002b0      0x128 ./system/src/newlib/_syscalls.o
 .debug_ranges  0x00000000000003d8       0x18 ./system/src/newlib/assert.o
 .debug_ranges  0x00000000000003f0       0x28 ./system/src/diag/Trace.o
 .debug_ranges  0x0000000000000418       0x38 ./system/src/diag/trace_impl.o
 .debug_ranges  0x0000000000000450       0x18 ./system/src/cortexm/_initialize_hardware.o
 .debug_ranges  0x0000000000000468       0x80 ./system/src/cortexm/exception_handlers.o
 .debug_ranges  0x00000000000004e8       0x18 ./system/src/cmsis/system_stm32f4xx.o
 .debug_ranges  0x0000000000000500       0x10 ./system/src/cmsis/vectors_stm32f407xx.o
 .debug_ranges  0x0000000000000510       0x18 ./src/_initialize_hardware.o
 .debug_ranges  0x0000000000000528       0x28 ./src/main.o
 .debug_ranges  0x0000000000000550       0x68 ./RTOS/kernel.o
 .debug_ranges  0x00000000000005b8       0x28 ./RTOS/stm32f4xx_hal_msp.o

.debug_macro    0x0000000000000000    0x1c675
 .debug_macro   0x0000000000000000      0x56d ./system/src/stm32f4-hal/stm32f4xx_hal.o
 .debug_macro   0x000000000000056d      0xab4 ./system/src/stm32f4-hal/stm32f4xx_hal.o
 .debug_macro   0x0000000000001021      0x289 ./system/src/stm32f4-hal/stm32f4xx_hal.o
 .debug_macro   0x00000000000012aa       0x31 ./system/src/stm32f4-hal/stm32f4xx_hal.o
 .debug_macro   0x00000000000012db       0x28 ./system/src/stm32f4-hal/stm32f4xx_hal.o
 .debug_macro   0x0000000000001303       0x22 ./system/src/stm32f4-hal/stm32f4xx_hal.o
 .debug_macro   0x0000000000001325       0x8e ./system/src/stm32f4-hal/stm32f4xx_hal.o
 .debug_macro   0x00000000000013b3       0x51 ./system/src/stm32f4-hal/stm32f4xx_hal.o
 .debug_macro   0x0000000000001404       0xef ./system/src/stm32f4-hal/stm32f4xx_hal.o
 .debug_macro   0x00000000000014f3       0x6a ./system/src/stm32f4-hal/stm32f4xx_hal.o
 .debug_macro   0x000000000000155d      0x1df ./system/src/stm32f4-hal/stm32f4xx_hal.o
 .debug_macro   0x000000000000173c       0x35 ./system/src/stm32f4-hal/stm32f4xx_hal.o
 .debug_macro   0x0000000000001771       0x50 ./system/src/stm32f4-hal/stm32f4xx_hal.o
 .debug_macro   0x00000000000017c1      0xe66 ./system/src/stm32f4-hal/stm32f4xx_hal.o
 .debug_macro   0x0000000000002627     0x93f9 ./system/src/stm32f4-hal/stm32f4xx_hal.o
 .debug_macro   0x000000000000ba20       0x43 ./system/src/stm32f4-hal/stm32f4xx_hal.o
 .debug_macro   0x000000000000ba63     0x347f ./system/src/stm32f4-hal/stm32f4xx_hal.o
 .debug_macro   0x000000000000eee2       0x64 ./system/src/stm32f4-hal/stm32f4xx_hal.o
 .debug_macro   0x000000000000ef46       0x18 ./system/src/stm32f4-hal/stm32f4xx_hal.o
 .debug_macro   0x000000000000ef5e       0x35 ./system/src/stm32f4-hal/stm32f4xx_hal.o
 .debug_macro   0x000000000000ef93       0x34 ./system/src/stm32f4-hal/stm32f4xx_hal.o
 .debug_macro   0x000000000000efc7       0x16 ./system/src/stm32f4-hal/stm32f4xx_hal.o
 .debug_macro   0x000000000000efdd       0x97 ./system/src/stm32f4-hal/stm32f4xx_hal.o
 .debug_macro   0x000000000000f074      0x339 ./system/src/stm32f4-hal/stm32f4xx_hal.o
 .debug_macro   0x000000000000f3ad       0xfd ./system/src/stm32f4-hal/stm32f4xx_hal.o
 .debug_macro   0x000000000000f4aa       0x10 ./system/src/stm32f4-hal/stm32f4xx_hal.o
 .debug_macro   0x000000000000f4ba       0x58 ./system/src/stm32f4-hal/stm32f4xx_hal.o
 .debug_macro   0x000000000000f512       0x1f ./system/src/stm32f4-hal/stm32f4xx_hal.o
 .debug_macro   0x000000000000f531       0x43 ./system/src/stm32f4-hal/stm32f4xx_hal.o
 .debug_macro   0x000000000000f574       0x20 ./system/src/stm32f4-hal/stm32f4xx_hal.o
 .debug_macro   0x000000000000f594      0x18e ./system/src/stm32f4-hal/stm32f4xx_hal.o
 .debug_macro   0x000000000000f722       0x10 ./system/src/stm32f4-hal/stm32f4xx_hal.o
 .debug_macro   0x000000000000f732       0x1c ./system/src/stm32f4-hal/stm32f4xx_hal.o
 .debug_macro   0x000000000000f74e       0x52 ./system/src/stm32f4-hal/stm32f4xx_hal.o
 .debug_macro   0x000000000000f7a0       0x40 ./system/src/stm32f4-hal/stm32f4xx_hal.o
 .debug_macro   0x000000000000f7e0       0x10 ./system/src/stm32f4-hal/stm32f4xx_hal.o
 .debug_macro   0x000000000000f7f0       0x40 ./system/src/stm32f4-hal/stm32f4xx_hal.o
 .debug_macro   0x000000000000f830       0xd7 ./system/src/stm32f4-hal/stm32f4xx_hal.o
 .debug_macro   0x000000000000f907       0x1c ./system/src/stm32f4-hal/stm32f4xx_hal.o
 .debug_macro   0x000000000000f923       0x3d ./system/src/stm32f4-hal/stm32f4xx_hal.o
 .debug_macro   0x000000000000f960       0x16 ./system/src/stm32f4-hal/stm32f4xx_hal.o
 .debug_macro   0x000000000000f976      0x16f ./system/src/stm32f4-hal/stm32f4xx_hal.o
 .debug_macro   0x000000000000fae5       0x57 ./system/src/stm32f4-hal/stm32f4xx_hal.o
 .debug_macro   0x000000000000fb3c      0x964 ./system/src/stm32f4-hal/stm32f4xx_hal.o
 .debug_macro   0x00000000000104a0      0x9e1 ./system/src/stm32f4-hal/stm32f4xx_hal.o
 .debug_macro   0x0000000000010e81      0x11e ./system/src/stm32f4-hal/stm32f4xx_hal.o
 .debug_macro   0x0000000000010f9f      0x13e ./system/src/stm32f4-hal/stm32f4xx_hal.o
 .debug_macro   0x00000000000110dd       0x27 ./system/src/stm32f4-hal/stm32f4xx_hal.o
 .debug_macro   0x0000000000011104      0x287 ./system/src/stm32f4-hal/stm32f4xx_hal.o
 .debug_macro   0x000000000001138b       0x5f ./system/src/stm32f4-hal/stm32f4xx_hal.o
 .debug_macro   0x00000000000113ea      0x23a ./system/src/stm32f4-hal/stm32f4xx_hal.o
 .debug_macro   0x0000000000011624      0x391 ./system/src/stm32f4-hal/stm32f4xx_hal.o
 .debug_macro   0x00000000000119b5      0x16f ./system/src/stm32f4-hal/stm32f4xx_hal.o
 .debug_macro   0x0000000000011b24       0xf9 ./system/src/stm32f4-hal/stm32f4xx_hal.o
 .debug_macro   0x0000000000011c1d      0x36e ./system/src/stm32f4-hal/stm32f4xx_hal.o
 .debug_macro   0x0000000000011f8b       0x23 ./system/src/stm32f4-hal/stm32f4xx_hal.o
 .debug_macro   0x0000000000011fae       0xe6 ./system/src/stm32f4-hal/stm32f4xx_hal.o
 .debug_macro   0x0000000000012094       0xa1 ./system/src/stm32f4-hal/stm32f4xx_hal.o
 .debug_macro   0x0000000000012135       0x3c ./system/src/stm32f4-hal/stm32f4xx_hal.o
 .debug_macro   0x0000000000012171       0x1f ./system/src/stm32f4-hal/stm32f4xx_hal.o
 .debug_macro   0x0000000000012190      0x1cd ./system/src/stm32f4-hal/stm32f4xx_hal.o
 .debug_macro   0x000000000001235d      0xcd6 ./system/src/stm32f4-hal/stm32f4xx_hal.o
 .debug_macro   0x0000000000013033      0x13a ./system/src/stm32f4-hal/stm32f4xx_hal.o
 .debug_macro   0x000000000001316d      0x21e ./system/src/stm32f4-hal/stm32f4xx_hal.o
 .debug_macro   0x000000000001338b       0x2e ./system/src/stm32f4-hal/stm32f4xx_hal.o
 .debug_macro   0x00000000000133b9      0x543 ./system/src/stm32f4-hal/stm32f4xx_hal.o
 .debug_macro   0x00000000000138fc       0x88 ./system/src/stm32f4-hal/stm32f4xx_hal.o
 .debug_macro   0x0000000000013984       0xd5 ./system/src/stm32f4-hal/stm32f4xx_hal.o
 .debug_macro   0x0000000000013a59      0x183 ./system/src/stm32f4-hal/stm32f4xx_hal.o
 .debug_macro   0x0000000000013bdc      0x1a7 ./system/src/stm32f4-hal/stm32f4xx_hal.o
 .debug_macro   0x0000000000013d83       0xa5 ./system/src/stm32f4-hal/stm32f4xx_hal.o
 .debug_macro   0x0000000000013e28      0x18b ./system/src/stm32f4-hal/stm32f4xx_hal.o
 .debug_macro   0x0000000000013fb3       0x24 ./system/src/stm32f4-hal/stm32f4xx_hal.o
 .debug_macro   0x0000000000013fd7       0x35 ./system/src/stm32f4-hal/stm32f4xx_hal.o
 .debug_macro   0x000000000001400c       0x79 ./system/src/stm32f4-hal/stm32f4xx_hal.o
 .debug_macro   0x0000000000014085      0x11e ./system/src/stm32f4-hal/stm32f4xx_hal.o
 .debug_macro   0x00000000000141a3       0x7f ./system/src/stm32f4-hal/stm32f4xx_hal.o
 .debug_macro   0x0000000000014222       0x89 ./system/src/stm32f4-hal/stm32f4xx_hal.o
 .debug_macro   0x00000000000142ab       0x7e ./system/src/stm32f4-hal/stm32f4xx_hal.o
 .debug_macro   0x0000000000014329      0x31a ./system/src/stm32f4-hal/stm32f4xx_hal.o
 .debug_macro   0x0000000000014643      0x409 ./system/src/stm32f4-hal/stm32f4xx_hal.o
 .debug_macro   0x0000000000014a4c       0xe4 ./system/src/stm32f4-hal/stm32f4xx_hal.o
 .debug_macro   0x0000000000014b30      0x48d ./system/src/stm32f4-hal/stm32f4xx_hal.o
 .debug_macro   0x0000000000014fbd      0x22b ./system/src/stm32f4-hal/stm32f4xx_hal.o
 .debug_macro   0x00000000000151e8      0x202 ./system/src/stm32f4-hal/stm32f4xx_hal.o
 .debug_macro   0x00000000000153ea      0x6d9 ./system/src/stm32f4-hal/stm32f4xx_hal.o
 .debug_macro   0x0000000000015ac3       0x5b ./system/src/stm32f4-hal/stm32f4xx_hal.o
 .debug_macro   0x0000000000015b1e      0x14d ./system/src/stm32f4-hal/stm32f4xx_hal.o
 .debug_macro   0x0000000000015c6b      0x287 ./system/src/stm32f4-hal/stm32f4xx_hal.o
 .debug_macro   0x0000000000015ef2      0x225 ./system/src/stm32f4-hal/stm32f4xx_hal.o
 .debug_macro   0x0000000000016117      0x1b5 ./system/src/stm32f4-hal/stm32f4xx_hal.o
 .debug_macro   0x00000000000162cc      0x2db ./system/src/stm32f4-hal/stm32f4xx_hal.o
 .debug_macro   0x00000000000165a7       0x89 ./system/src/stm32f4-hal/stm32f4xx_hal.o
 .debug_macro   0x0000000000016630      0x1df ./system/src/stm32f4-hal/stm32f4xx_hal.o
 .debug_macro   0x000000000001680f      0x115 ./system/src/stm32f4-hal/stm32f4xx_hal.o
 .debug_macro   0x0000000000016924       0x6e ./system/src/stm32f4-hal/stm32f4xx_hal.o
 .debug_macro   0x0000000000016992      0x125 ./system/src/stm32f4-hal/stm32f4xx_hal.o
 .debug_macro   0x0000000000016ab7      0x51f ./system/src/stm32f4-hal/stm32f4xx_hal_cortex.o
 .debug_macro   0x0000000000016fd6      0x549 ./system/src/stm32f4-hal/stm32f4xx_hal_rcc.o
 .debug_macro   0x000000000001751f      0x1b4 ./system/src/newlib/_exit.o
 .debug_macro   0x00000000000176d3      0x10e ./system/src/newlib/_exit.o
 .debug_macro   0x00000000000177e1       0x8d ./system/src/newlib/_exit.o
 .debug_macro   0x000000000001786e       0x35 ./system/src/newlib/_exit.o
 .debug_macro   0x00000000000178a3      0x169 ./system/src/newlib/_sbrk.o
 .debug_macro   0x0000000000017a0c      0x174 ./system/src/newlib/_sbrk.o
 .debug_macro   0x0000000000017b80       0x10 ./system/src/newlib/_sbrk.o
 .debug_macro   0x0000000000017b90      0x23b ./system/src/newlib/_sbrk.o
 .debug_macro   0x0000000000017dcb      0x188 ./system/src/newlib/_startup.o
 .debug_macro   0x0000000000017f53      0xaba ./system/src/newlib/_startup.o
 .debug_macro   0x0000000000018a0d      0x2e3 ./system/src/newlib/_syscalls.o
 .debug_macro   0x0000000000018cf0       0x10 ./system/src/newlib/_syscalls.o
 .debug_macro   0x0000000000018d00       0x10 ./system/src/newlib/_syscalls.o
 .debug_macro   0x0000000000018d10       0x10 ./system/src/newlib/_syscalls.o
 .debug_macro   0x0000000000018d20       0x35 ./system/src/newlib/_syscalls.o
 .debug_macro   0x0000000000018d55      0x122 ./system/src/newlib/_syscalls.o
 .debug_macro   0x0000000000018e77      0x22a ./system/src/newlib/_syscalls.o
 .debug_macro   0x00000000000190a1       0x10 ./system/src/newlib/_syscalls.o
 .debug_macro   0x00000000000190b1       0x1c ./system/src/newlib/_syscalls.o
 .debug_macro   0x00000000000190cd       0x10 ./system/src/newlib/_syscalls.o
 .debug_macro   0x00000000000190dd       0x16 ./system/src/newlib/_syscalls.o
 .debug_macro   0x00000000000190f3       0x88 ./system/src/newlib/_syscalls.o
 .debug_macro   0x000000000001917b      0x241 ./system/src/newlib/_syscalls.o
 .debug_macro   0x00000000000193bc       0x16 ./system/src/newlib/_syscalls.o
 .debug_macro   0x00000000000193d2       0x3a ./system/src/newlib/_syscalls.o
 .debug_macro   0x000000000001940c      0x11f ./system/src/newlib/_syscalls.o
 .debug_macro   0x000000000001952b      0x189 ./system/src/newlib/_syscalls.o
 .debug_macro   0x00000000000196b4       0x16 ./system/src/newlib/_syscalls.o
 .debug_macro   0x00000000000196ca       0x22 ./system/src/newlib/_syscalls.o
 .debug_macro   0x00000000000196ec      0x1df ./system/src/newlib/assert.o
 .debug_macro   0x00000000000198cb       0x1c ./system/src/newlib/assert.o
 .debug_macro   0x00000000000198e7      0x1fb ./system/src/diag/Trace.o
 .debug_macro   0x0000000000019ae2       0x4c ./system/src/diag/Trace.o
 .debug_macro   0x0000000000019b2e      0x565 ./system/src/diag/trace_impl.o
 .debug_macro   0x000000000001a093      0x529 ./system/src/cortexm/_initialize_hardware.o
 .debug_macro   0x000000000001a5bc      0x5a7 ./system/src/cortexm/exception_handlers.o
 .debug_macro   0x000000000001ab63       0x3b ./system/src/cortexm/exception_handlers.o
 .debug_macro   0x000000000001ab9e      0x525 ./system/src/cmsis/system_stm32f4xx.o
 .debug_macro   0x000000000001b0c3       0x73 ./system/src/cmsis/vectors_stm32f407xx.o
 .debug_macro   0x000000000001b136      0x51f ./src/_initialize_hardware.o
 .debug_macro   0x000000000001b655      0x587 ./src/main.o
 .debug_macro   0x000000000001bbdc       0x4c ./src/main.o
 .debug_macro   0x000000000001bc28      0x52e ./RTOS/kernel.o
 .debug_macro   0x000000000001c156      0x51f ./RTOS/stm32f4xx_hal_msp.o
